{
  "started_utc": "2026-09-22T21:54:18.305302+00:00",
  "jobs": 1,
  "status": "PASS_STATIC_ONLY",
  "new_solver_calls": 0,
  "baseline_project_artifacts_reused": false,
  "run": "/Users/milostatarevic/programming/projects/ramsey-diagonal/r77-findings/research_handoffs/ramsey61_math_formalization_completion_20260922_001/package_001/.build/runs/20260922T215418.304969Z_0b0e9b2f",
  "manifest_sha256": "545c12c5f23b0e0e4b99079e1db2183c7f9937f17a0d8fe38a43735cfbc4775f",
  "targets": [
    "PricingIntegration.NativeWholeProof",
    "CompletionC.CommonCaseCount",
    "PricingIntegration.NativeWholeCount",
    "PricingABD.CommonSuffixCache",
    "PricingG.UUQEmissionIdentity"
  ],
  "selected_modules": 1809,
  "certificate_command_modules": [
    "R4333Lean.CatalogueBaseCNFLeavesK15Refined",
    "R4333Lean.CatalogueBaseCNFLeavesK16Refined",
    "R4333Lean.CheckedLRAT",
    "R4333Lean.ClebschCompletionCNF"
  ],
  "classification_modules": 32,
  "finished_utc": "2026-09-22T21:54:46.447911+00:00"
}
