'R4333.UUTD9Root1Case.twistedRoot1LargeSupportCandidates_card' depends on axioms: [propext,
 Classical.choice,
 Quot.sound]
'R4333.UUTD9Root1Case.twistedRoot1SmallSupportCandidates_card' depends on axioms: [propext,
 Classical.choice,
 Quot.sound]
'R4333.UUTD9Root1Case.twistedRoot1CompatibleSmallSupportCandidates_card' depends on axioms: [propext,
 Classical.choice,
 Quot.sound]
'R4333.UUTD9Root1Case.twistedRoot1PhysicalSupportPair_card' depends on axioms: [propext, Classical.choice, Quot.sound]
'R4333.UUTD9Root1Case.TwistedRoot1Realization.largeSupport_mem_candidates' depends on axioms: [propext,
 Classical.choice,
 Quot.sound]
'R4333.UUTD9Root1Case.TwistedRoot1Realization.smallSupport_mem_candidates' depends on axioms: [propext,
 Classical.choice,
 Quot.sound]
'R4333.UUTD9Root1Case.TwistedRoot1Realization.smallSupport_mem_compatibleCandidates' depends on axioms: [propext,
 Classical.choice,
 Quot.sound]
'R4333.UUTD9Root1Case.TwistedRoot1Realization.small_small_edge_physical' depends on axioms: [propext,
 Classical.choice,
 Quot.sound]
'R4333.UUTD9Root1Case.TwistedRoot1Realization.free_large_edge' depends on axioms: [propext,
 Classical.choice,
 Quot.sound]
'R4333.UUTD9Root1Case.TwistedRoot1Realization.free_small_edge' depends on axioms: [propext,
 Classical.choice,
 Quot.sound]
'R4333.UUTD9Root1Case.TwistedRoot1Realization.large_small_edge' depends on axioms: [propext,
 Classical.choice,
 Quot.sound]
'R4333.UUTD9Root1Case.twistedRoot1CaseFiniteBoundary' depends on axioms: [propext, Classical.choice, Quot.sound]
