{
  "status": "PASS_ALL_456_NATIVE_C_INPUT_IDENTITIES",
  "created_utc": "2026-09-22T21:54:03.312268+00:00",
  "cases": 456,
  "unit_clauses": 197544,
  "base_sha256": "58478e3641d3ea52639566683daaea5f7a1d4112de5809f4af73ce1dfebf164f",
  "retained_records": 929,
  "record_status_counts": {
    "UNSAT": 912,
    "UNKNOWN_CPU_CAP": 17
  },
  "each_case_has_exactly_two_UNSAT_records": true,
  "CPU_seconds": 0.36927,
  "scope": "Exact Lean seed suffixes and shared pinned base bind every complete input to the retained native result records. UNKNOWN attempts remain UNKNOWN. Native answers are not certificates.",
  "base_provenance": {
    "comparison": "checks/original_base_comparison.json",
    "comparison_sha256": "cceb5504bf74b5131fc6fbef7af057aff01e1fe712807f75726d737c53016eb8",
    "base_emitter": "EmitBase.lean",
    "base_emitter_sha256": "ba4d084b9f9c8e4005740d6ec309538555b665f54488f0005779796faff1b1f1",
    "note": "Unmodified accepted base emitter supplied for optional regeneration. The current comparison can use pinned archive base bytes; no base re-emission is required."
  },
  "solver_calls": 0,
  "certificate_replays": 0,
  "complete_case_CNFs_written": 0
}
