/Users/milostatarevic/programming/projects/ramsey-diagonal/r77-findings/research_handoffs/ramsey61_math_formalization_completion_20260922_001/coherent_math_001/src/R4333Lean/ContinuationDegreeNineTwistedRoot12CaseCNF61.lean:132:5: warning: Variable name `assignment` is not explicitly referenced.

The binding can be removed (if unused) or named `_` (if used implicitly).

Note: This linter can be disabled with `set_option linter.unusedVariables false`
/Users/milostatarevic/programming/projects/ramsey-diagonal/r77-findings/research_handoffs/ramsey61_math_formalization_completion_20260922_001/coherent_math_001/src/R4333Lean/ContinuationDegreeNineTwistedRoot12CaseCNF61.lean:140:5: warning: Variable name `assignment` is not explicitly referenced.

The binding can be removed (if unused) or named `_` (if used implicitly).

Note: This linter can be disabled with `set_option linter.unusedVariables false`
/Users/milostatarevic/programming/projects/ramsey-diagonal/r77-findings/research_handoffs/ramsey61_math_formalization_completion_20260922_001/coherent_math_001/src/R4333Lean/ContinuationDegreeNineTwistedRoot12CaseCNF61.lean:454:39: warning: This simp argument is unused:
  realization.branchBlock_eq_two

Hint: Omit it from the simp argument list.
  simp [restColoring, pullbackColoring, restEmbedding,
  ̵  ̵ ̵ ̵ ̵ ̵retainedJoinedColoring, joinColoring,
  ̲  ̲ ̲ ̲ ̲ ̲largePhysicalEmbedding,
  ̵  ̵ ̵ ̵ ̵ ̵realization.firstLarge_eq_false, r̵e̵a̵li̵z̵at̵i̵o̵n̵.̵b̵ra̵n̵c̵h̵B̵l̵o̵c̵k̵_̵e̵q̵_̵t̵w̵o̵,̵
  ̵ ̵ ̵ ̵ ̵ ̵ ̵l̵a̵r̵geForeignBlock,
  ̲  ̲ ̲ ̲ ̲ ̲secondForeignBlock,
  ̵  ̵ ̵ ̵ ̵ ̵ProfileDUUUFiveSupportPositionSymmetry.PositionedFiveSupport.toSemantic,
        twistedRoot12Case, caseSlot, uuuRepresentativeIndexBySlot,
        ProfileDUUUFiveSupportPositionSymmetry.k16Index]

Note: This linter can be disabled with `set_option linter.unusedSimpArgs false`
/Users/milostatarevic/programming/projects/ramsey-diagonal/r77-findings/research_handoffs/ramsey61_math_formalization_completion_20260922_001/coherent_math_001/src/R4333Lean/ContinuationDegreeNineTwistedRoot12CaseCNF61.lean:623:2: warning: 'change (semanticLargePairEquiv realization index).1 = _' tactic does nothing

Note: This linter can be disabled with `set_option linter.unusedTactic false`
/Users/milostatarevic/programming/projects/ramsey-diagonal/r77-findings/research_handoffs/ramsey61_math_formalization_completion_20260922_001/coherent_math_001/src/R4333Lean/ContinuationDegreeNineTwistedRoot12CaseCNF61.lean:651:2: warning: 'change (semanticSmallPairEquiv realization index).1 = _' tactic does nothing

Note: This linter can be disabled with `set_option linter.unusedTactic false`
/Users/milostatarevic/programming/projects/ramsey-diagonal/r77-findings/research_handoffs/ramsey61_math_formalization_completion_20260922_001/coherent_math_001/src/R4333Lean/ContinuationDegreeNineTwistedRoot12CaseCNF61.lean:674:27: warning: This simp argument is unused:
  secondRemainingColor

Hint: Omit it from the simp argument list.
  simp [twistedRoot12FreeNormalColor, hcycle, decodeRemainingColor, firstRemainingColor,
  ̲  ̲ ̲ ̲s̵e̵c̵o̵n̵d̵R̵e̵m̵a̵i̵n̵i̵n̵g̵C̵o̵l̵o̵r̵,̵ ̵decode_three_one]

Note: This linter can be disabled with `set_option linter.unusedSimpArgs false`
/Users/milostatarevic/programming/projects/ramsey-diagonal/r77-findings/research_handoffs/ramsey61_math_formalization_completion_20260922_001/coherent_math_001/src/R4333Lean/ContinuationDegreeNineTwistedRoot12CaseCNF61.lean:676:6: warning: This simp argument is unused:
  firstRemainingColor

Hint: Omit it from the simp argument list.
  simp [twistedRoot12FreeNormalColor, hcycle, decodeRemainingColor, f̵i̵r̵s̵t̵R̵e̵m̵a̵i̵n̵i̵n̵g̵C̵o̵l̵o̵r̵,̵ ̵secondRemainingColor,
  ̲  ̲ ̲ ̲decode_three_two]

Note: This linter can be disabled with `set_option linter.unusedSimpArgs false`
/Users/milostatarevic/programming/projects/ramsey-diagonal/r77-findings/research_handoffs/ramsey61_math_formalization_completion_20260922_001/coherent_math_001/src/R4333Lean/ContinuationDegreeNineTwistedRoot12CaseCNF61.lean:798:12: warning: This simp argument is unused:
  ProfileDTripleJoinReduction.blockVertex_val

Hint: Omit it from the simp argument list.
  simp [P̵r̵o̵f̵i̵l̵e̵D̵T̵r̵i̵p̵l̵e̵J̵o̵i̵n̵R̵e̵d̵u̵c̵t̵i̵o̵n̵.̵b̵l̵o̵c̵k̵V̵e̵r̵t̵e̵x̵_̵v̵a̵l̵,̵
  ̵ ̵ ̵ ̵ ̵ ̵ ̵ ̵ ̵sourcePosition, htarget]

Note: This linter can be disabled with `set_option linter.unusedSimpArgs false`
/Users/milostatarevic/programming/projects/ramsey-diagonal/r77-findings/research_handoffs/ramsey61_math_formalization_completion_20260922_001/coherent_math_001/src/R4333Lean/ContinuationDegreeNineTwistedRoot12CaseCNF61.lean:1132:10: warning: This simp argument is unused:
  counterTag

Hint: Omit it from the simp argument list.
  simp [̵c̵o̵u̵n̵t̵e̵r̵T̵a̵g̵,̵ ̵n̵a̵m̵e̵s̵p̵a̵c̵e̵V̵e̵r̵t̵e̵x̵,̵[̲n̲a̲m̲e̲s̲p̲a̲c̲e̲V̲e̲r̲t̲e̲x̲,̲ selectorNamespaceTag, selectorNamespaceVertex] at hval

Note: This linter can be disabled with `set_option linter.unusedSimpArgs false`
/Users/milostatarevic/programming/projects/ramsey-diagonal/r77-findings/research_handoffs/ramsey61_math_formalization_completion_20260922_001/coherent_math_001/src/R4333Lean/ContinuationDegreeNineTwistedRoot12CaseCNF61.lean:1132:39: warning: This simp argument is unused:
  selectorNamespaceTag

Hint: Omit it from the simp argument list.
  simp [counterTag, namespaceVertex, selectorNamespaceT̵a̵g̵,̵
  ̵ ̵ ̵ ̵ ̵ ̵ ̵s̵e̵l̵e̵c̵t̵o̵r̵N̵a̵m̵e̵s̵p̵a̵c̵e̵Vertex] at hval

Note: This linter can be disabled with `set_option linter.unusedSimpArgs false`
'R4333.ContinuationDegreeNineTwistedRoot12CaseCNF61.twistedRoot12FreeLabelSet_card' depends on axioms: [propext,
 Classical.choice,
 Quot.sound]
'R4333.ContinuationDegreeNineTwistedRoot12CaseCNF61.twistedRoot12LargeLabelSet_card' depends on axioms: [propext,
 Classical.choice,
 Quot.sound]
'R4333.ContinuationDegreeNineTwistedRoot12CaseCNF61.twistedRoot12SmallLabelSet_card' depends on axioms: [propext,
 Classical.choice,
 Quot.sound]
'R4333.ContinuationDegreeNineTwistedRoot12CaseCNF61.supportUnitClauses_length' depends on axioms: [propext,
 Classical.choice,
 Quot.sound]
'R4333.ContinuationDegreeNineTwistedRoot12CaseCNF61.guardedAssignmentClauses_length' depends on axioms: [propext,
 Classical.choice,
 Quot.sound]
'R4333.ContinuationDegreeNineTwistedRoot12CaseCNF61.selectorFmla_length' depends on axioms: [propext,
 Classical.choice,
 Quot.sound]
'R4333.ContinuationDegreeNineTwistedRoot12CaseCNF61.twistedRoot12Fmla_outside_selectorNamespace' depends on axioms: [propext,
 Classical.choice,
 Quot.sound]
'R4333.ContinuationDegreeNineTwistedRoot12CaseCNF61.semanticAssignmentData_compatible' depends on axioms: [propext,
 Classical.choice,
 Quot.sound]
'R4333.ContinuationDegreeNineTwistedRoot12CaseCNF61.twistedRoot12Realization_satisfies_pairFmla' depends on axioms: [propext,
 Classical.choice,
 Quot.sound]
'R4333.ContinuationDegreeNineTwistedRoot12CaseCNF61.noStrongRealization_of_all_pair_lrat' depends on axioms: [propext,
 Classical.choice,
 Quot.sound]
