'R4333.ContinuationDegreeNineTwistedRoot12FactorOrbitCoverage61.largeCatalogue_compatible' depends on axioms: [propext,
 Classical.choice,
 Quot.sound]
'R4333.ContinuationDegreeNineTwistedRoot12FactorOrbitCoverage61.smallCatalogue_compatible' depends on axioms: [propext,
 Classical.choice,
 Quot.sound]
'R4333.ContinuationDegreeNineTwistedRoot12FactorOrbitCoverage61.largeCatalogueChoice_physical' depends on axioms: [propext,
 Classical.choice,
 Quot.sound]
'R4333.ContinuationDegreeNineTwistedRoot12FactorOrbitCoverage61.smallCatalogueChoice_physical' depends on axioms: [propext,
 Classical.choice,
 Quot.sound]
'R4333.ContinuationDegreeNineTwistedRoot12FactorOrbitCoverage61.explicitLargeCompatible_covered' depends on axioms: [propext,
 Classical.choice,
 Quot.sound]
'R4333.ContinuationDegreeNineTwistedRoot12FactorOrbitCoverage61.explicitSmallCompatible_covered' depends on axioms: [propext,
 Classical.choice,
 Quot.sound]
'R4333.ContinuationDegreeNineTwistedRoot12FactorOrbitCoverage61.exists_largeCatalogueIndex' depends on axioms: [propext,
 Classical.choice,
 Quot.sound]
'R4333.ContinuationDegreeNineTwistedRoot12FactorOrbitCoverage61.exists_smallCatalogueIndex' depends on axioms: [propext,
 Classical.choice,
 Quot.sound]
'R4333.ContinuationDegreeNineTwistedRoot12FactorOrbitCoverage61.largeNormalizerEquationExplicit' depends on axioms: [propext,
 Classical.choice,
 Quot.sound]
'R4333.ContinuationDegreeNineTwistedRoot12FactorOrbitCoverage61.smallNormalizerEquationExplicit' depends on axioms: [propext,
 Classical.choice,
 Quot.sound]
'R4333.ContinuationDegreeNineTwistedRoot12FactorOrbitCoverage61.largeNormalizerEquation' depends on axioms: [propext,
 Classical.choice,
 Quot.sound]
'R4333.ContinuationDegreeNineTwistedRoot12FactorOrbitCoverage61.smallNormalizerEquation' depends on axioms: [propext,
 Classical.choice,
 Quot.sound]
'R4333.ContinuationDegreeNineTwistedRoot12FactorOrbitCoverage61.exists_independentPhysicalNormalization' depends on axioms: [propext,
 Classical.choice,
 Quot.sound]
'R4333.ContinuationDegreeNineTwistedRoot12FactorOrbitCoverage61.rootLargeNormalizerEquationExplicit' depends on axioms: [propext,
 Classical.choice,
 Quot.sound]
'R4333.ContinuationDegreeNineTwistedRoot12FactorOrbitCoverage61.rootSmallNormalizerEquationExplicit' depends on axioms: [propext,
 Classical.choice,
 Quot.sound]
'R4333.ContinuationDegreeNineTwistedRoot12FactorOrbitCoverage61.rootPhysicalNormalizationWitness' depends on axioms: [propext,
 Classical.choice,
 Quot.sound]
'R4333.ContinuationDegreeNineTwistedRoot12FactorOrbitCoverage61.quotientRepresentativePair_coverage' depends on axioms: [propext,
 Quot.sound]
'R4333.ContinuationDegreeNineTwistedRoot12FactorOrbitCoverage61.factorAssignmentRealization_reduces_to_72' depends on axioms: [propext,
 Classical.choice,
 Quot.sound]
'R4333.ContinuationDegreeNineTwistedRoot12FactorOrbitCoverage61.twistedRoot12Realization_reduces_to_72' depends on axioms: [propext,
 Classical.choice,
 Quot.sound]
