'R4333.ProfileDUUUDegreeNineFactorOrbitCoverage61.largeCatalogue_compatible' depends on axioms: [propext,
 Classical.choice,
 Quot.sound]
'R4333.ProfileDUUUDegreeNineFactorOrbitCoverage61.smallCatalogue_compatible' depends on axioms: [propext,
 Classical.choice,
 Quot.sound]
'R4333.ProfileDUUUDegreeNineFactorOrbitCoverage61.largeCatalogueChoice_physical' depends on axioms: [propext,
 Classical.choice,
 Quot.sound]
'R4333.ProfileDUUUDegreeNineFactorOrbitCoverage61.smallCatalogueChoice_physical' depends on axioms: [propext,
 Classical.choice,
 Quot.sound]
'R4333.ProfileDUUUDegreeNineFactorOrbitCoverage61.explicitLargeCompatible_covered' depends on axioms: [propext,
 Classical.choice,
 Quot.sound]
'R4333.ProfileDUUUDegreeNineFactorOrbitCoverage61.explicitSmallCompatible_covered' depends on axioms: [propext,
 Classical.choice,
 Quot.sound]
'R4333.ProfileDUUUDegreeNineFactorOrbitCoverage61.exists_largeCatalogueIndex' depends on axioms: [propext,
 Classical.choice,
 Quot.sound]
'R4333.ProfileDUUUDegreeNineFactorOrbitCoverage61.exists_smallCatalogueIndex' depends on axioms: [propext,
 Classical.choice,
 Quot.sound]
'R4333.ProfileDUUUDegreeNineFactorOrbitCoverage61.largeNormalizerEquationExplicit' depends on axioms: [propext,
 Classical.choice,
 Quot.sound]
'R4333.ProfileDUUUDegreeNineFactorOrbitCoverage61.smallNormalizerEquationExplicit' depends on axioms: [propext,
 Classical.choice,
 Quot.sound]
'R4333.ProfileDUUUDegreeNineFactorOrbitCoverage61.largeNormalizerEquation' depends on axioms: [propext,
 Classical.choice,
 Quot.sound]
'R4333.ProfileDUUUDegreeNineFactorOrbitCoverage61.smallNormalizerEquation' depends on axioms: [propext,
 Classical.choice,
 Quot.sound]
'R4333.ProfileDUUUDegreeNineFactorOrbitCoverage61.exists_independentPhysicalNormalization' depends on axioms: [propext,
 Classical.choice,
 Quot.sound]
'R4333.ProfileDUUUDegreeNineFactorOrbitCoverage61.rootLargeNormalizerEquationExplicit' depends on axioms: [propext,
 Classical.choice,
 Quot.sound]
'R4333.ProfileDUUUDegreeNineFactorOrbitCoverage61.rootSmallNormalizerEquationExplicit' depends on axioms: [propext,
 Classical.choice,
 Quot.sound]
'R4333.ProfileDUUUDegreeNineFactorOrbitCoverage61.rootPhysicalNormalizationWitness' depends on axioms: [propext,
 Classical.choice,
 Quot.sound]
'R4333.ProfileDUUUDegreeNineFactorOrbitCoverage61.quotientRepresentativePair_coverage' depends on axioms: [propext,
 Quot.sound]
'R4333.ProfileDUUUDegreeNineFactorOrbitCoverage61.factorAssignmentRealization_reduces_to_72' depends on axioms: [propext,
 Classical.choice,
 Quot.sound]
'R4333.ProfileDUUUDegreeNineFactorOrbitCoverage61.strongRealization_reduces_to_72' depends on axioms: [propext,
 Classical.choice,
 Quot.sound]
