'R4333.ContinuationDegreeNineTwistedRoot4QuotientSemantic61.quotientExtendedValuation_selectorAtom' depends on axioms: [propext,
 Classical.choice,
 Quot.sound]
'R4333.ContinuationDegreeNineTwistedRoot4QuotientSemantic61.quotientExtendedValuation_satisfies_strongFmla' depends on axioms: [propext,
 Classical.choice,
 Quot.sound]
'R4333.ContinuationDegreeNineTwistedRoot4QuotientSemantic61.quotientSelector_mem_representativeClause' depends on axioms: [propext,
 Classical.choice,
 Quot.sound]
'R4333.ContinuationDegreeNineTwistedRoot4QuotientSemantic61.quotientFinalValuation_satisfies_selectedRepresentative' depends on axioms: [propext,
 Classical.choice,
 Quot.sound]
'R4333.ContinuationDegreeNineTwistedRoot4QuotientSemantic61.quotientFinalValuation_satisfies_selectedRepresentativeUnits' depends on axioms: [propext,
 Classical.choice,
 Quot.sound]
'R4333.ContinuationDegreeNineTwistedRoot4QuotientSemantic61.factorAssignmentRealization_satisfies_quotientFmla' depends on axioms: [propext,
 Classical.choice,
 Quot.sound]
'R4333.ContinuationDegreeNineTwistedRoot4QuotientSemantic61.factorAssignmentRealization_satisfies_quotientLeafFmla' depends on axioms: [propext,
 Classical.choice,
 Quot.sound]
'R4333.ContinuationDegreeNineTwistedRoot4QuotientSemantic61.satisfies_quotientLeafCoreFmla' depends on axioms: [propext,
 Classical.choice,
 Quot.sound]
'R4333.ContinuationDegreeNineTwistedRoot4QuotientSemantic61.twistedRoot4CaseObstruction_of_quotient_leaf_lrats' depends on axioms: [propext,
 Classical.choice,
 Quot.sound]
'R4333.ContinuationDegreeNineTwistedRoot4QuotientSemantic61.twistedRoot4Realization_yields_satisfying_quotientFmla' depends on axioms: [propext,
 Classical.choice,
 Quot.sound]
'R4333.ContinuationDegreeNineTwistedRoot4QuotientSemantic61.noStrongRealization_of_quotient_lrat' depends on axioms: [propext,
 Classical.choice,
 Quot.sound]
'R4333.ContinuationDegreeNineTwistedRoot4QuotientSemantic61.twistedRoot4CaseObstruction_of_quotient_lrat' depends on axioms: [propext,
 Classical.choice,
 Quot.sound]
