'R4333.FiniteColorCNF.coloring_satisfies_goodColoringFmla' depends on axioms: [propext, Classical.choice, Quot.sound]
'R4333.FiniteColorCNF.no_good_coloring_of_lrat' depends on axioms: [propext, Classical.choice, Quot.sound]
        2.00 real         1.20 user         1.00 sys
          2879864832  maximum resident set size
                   0  average shared memory size
                   0  average unshared data size
                   0  average unshared stack size
              227285  page reclaims
                 152  page faults
                   0  swaps
                   0  block input operations
                   0  block output operations
                   0  messages sent
                   0  messages received
                   0  signals received
                  33  voluntary context switches
                6213  involuntary context switches
         21209362389  instructions retired
          8363050754  cycles elapsed
           491360344  peak memory footprint
