'R4333.k16Untwisted_good' depends on axioms: [propext, Quot.sound]
'R4333.k16Twisted_good' depends on axioms: [propext, Quot.sound]
'R4333.k15Untwisted_good' depends on axioms: [propext, Quot.sound]
'R4333.k15Twisted_good' depends on axioms: [propext, Quot.sound]
        4.89 real         5.24 user         1.07 sys
          3352231936  maximum resident set size
                   0  average shared memory size
                   0  average unshared data size
                   0  average unshared stack size
              256402  page reclaims
                   1  page faults
                   0  swaps
                   0  block input operations
                   0  block output operations
                   0  messages sent
                   0  messages received
                   0  signals received
                   2  voluntary context switches
               10039  involuntary context switches
         56635743035  instructions retired
         23276388141  cycles elapsed
           947754368  peak memory footprint
