{
  "status": "PASS_ALL_55016_COMMON_NATIVE_INPUTS",
  "UTC": "2026-09-22T21:53:32.717197+00:00",
  "CPU_seconds": 3.134367,
  "retained_pairs": 737,
  "abstract_suffixes": 29508,
  "complete_native_inputs": 55016,
  "prefix_body_count": 28,
  "archived_prefix_variants": 44,
  "profile_counts": {
    "A": 360,
    "B": 5096,
    "D": 49560
  },
  "portable_path_index": {
    "path": "/Users/milostatarevic/programming/projects/ramsey-diagonal/r77-findings/research_handoffs/ramsey61_math_formalization_completion_20260922_001/package_001/reproduce/common/path_index.json",
    "bytes": 34084,
    "sha256": "6e0cede41404aa2d9e1945da9336ca4347bac7d713942ebcce6bd5031b872b80"
  },
  "immutable_parent_record_hashes": {
    "PAIR_ADMISSION_GENERATED_001": "952c622d0fc91b37f6827388e2978e4b80629fec344851508974284467667012",
    "ALL20_EXACT_PREFIX_BINDING_001": "02487a08eab4604b6abb1de0764067ac7ff4232c53a2250bc7d654f31437bd46",
    "D_NATIVE_PREFIX_ALL_BINDING_001": "c4285fc3a639f135118597026dd15902e819acdcd1885e3bd6e6492881851782",
    "COMMON_NATIVE_ALL_INPUT_BINDING_001": "b942b0a94832ddbf127b8ca9c648b687acbe839e424c0be0ddebd845b9c55c5c"
  },
  "scope": "A/B and mixedD UTU/UTT/TTU/TTT only. UUU/UUT679 and finalC456 are separate families. No SAT result or certificate is produced here.",
  "mapping": "/Users/milostatarevic/programming/projects/ramsey-diagonal/r77-findings/research_handoffs/ramsey61_math_formalization_completion_20260922_001/joined_portable_binding_001/common_check/COMMON_NATIVE_CASE_MAP.tsv",
  "new_solver_calls": 0
}
