'R4333.UUTD9Root1Orbit.explicitFreeLabelOrder_eq' depends on axioms: [propext, Classical.choice, Quot.sound]
'R4333.UUTD9Root1Orbit.explicitLargeLabelOrder_eq' depends on axioms: [propext, Classical.choice, Quot.sound]
'R4333.UUTD9Root1Orbit.explicitSmallLabelOrder_eq' depends on axioms: [propext, Classical.choice, Quot.sound]
'R4333.UUTD9Root1Orbit.largeCatalogue_compatible' depends on axioms: [propext, Classical.choice, Quot.sound]
'R4333.UUTD9Root1Orbit.smallCatalogue_compatible' depends on axioms: [propext, Classical.choice, Quot.sound]
'R4333.UUTD9Root1Orbit.largeCatalogueChoice_physical' depends on axioms: [propext, Classical.choice, Quot.sound]
'R4333.UUTD9Root1Orbit.smallCatalogueChoice_physical' depends on axioms: [propext, Classical.choice, Quot.sound]
'R4333.UUTD9Root1Orbit.explicitLargeCompatible_covered' depends on axioms: [propext, Classical.choice, Quot.sound]
'R4333.UUTD9Root1Orbit.explicitSmallCompatible_covered' depends on axioms: [propext, Classical.choice, Quot.sound]
'R4333.UUTD9Root1Orbit.exists_largeCatalogueIndex' depends on axioms: [propext, Classical.choice, Quot.sound]
'R4333.UUTD9Root1Orbit.exists_smallCatalogueIndex' depends on axioms: [propext, Classical.choice, Quot.sound]
'R4333.UUTD9Root1Orbit.largeNormalizerEquationExplicit' depends on axioms: [propext, Classical.choice, Quot.sound]
'R4333.UUTD9Root1Orbit.smallNormalizerEquationExplicit' depends on axioms: [propext, Classical.choice, Quot.sound]
'R4333.UUTD9Root1Orbit.largeNormalizerEquation' depends on axioms: [propext, Classical.choice, Quot.sound]
'R4333.UUTD9Root1Orbit.smallNormalizerEquation' depends on axioms: [propext, Classical.choice, Quot.sound]
'R4333.UUTD9Root1Orbit.freeRepresentative_compatible' depends on axioms: [propext, Classical.choice, Quot.sound]
'R4333.UUTD9Root1Orbit.exists_independentPhysicalNormalization' depends on axioms: [propext,
 Classical.choice,
 Quot.sound]
'R4333.UUTD9Root1Orbit.quotientRepresentativePair_coverage' depends on axioms: [propext, Quot.sound]
'R4333.UUTD9Root1Orbit.factorAssignmentRealization_reduces_to_132' depends on axioms: [propext,
 Classical.choice,
 Quot.sound]
'R4333.UUTD9Root1Orbit.twistedRoot1Realization_reduces_to_132' depends on axioms: [propext,
 Classical.choice,
 Quot.sound]
