'R4333.k16CriticalCatalogue_complete' depends on axioms: [propext, Classical.choice, Quot.sound]
'R4333.k15CriticalCatalogue_complete' depends on axioms: [propext, Classical.choice, Quot.sound]
'R4333.exists_cataloguedAttachingConfiguration61_checked' depends on axioms: [propext, Classical.choice, Quot.sound]
'R4333.noFourColoring_61_of_checkedAttachingObstruction' depends on axioms: [propext, Classical.choice, Quot.sound]
        2.15 real         1.08 user         1.15 sys
          2891513856  maximum resident set size
                   0  average shared memory size
                   0  average unshared data size
                   0  average unshared stack size
              289459  page reclaims
                 126  page faults
                   0  swaps
                   0  block input operations
                   0  block output operations
                   0  messages sent
                   0  messages received
                   0  signals received
                  39  voluntary context switches
                8109  involuntary context switches
          2812174898  instructions retired
          1229820311  cycles elapsed
           133158376  peak memory footprint
