'R4333.exists_cataloguedAttachingConfiguration61' depends on axioms: [propext, Classical.choice, Quot.sound]
'R4333.noFourColoring_61_of_cataloguedAttachingObstruction' depends on axioms: [propext, Classical.choice, Quot.sound]
        2.10 real         1.03 user         1.07 sys
          2886074368  maximum resident set size
                   0  average shared memory size
                   0  average unshared data size
                   0  average unshared stack size
              228097  page reclaims
                   0  page faults
                   0  swaps
                   0  block input operations
                   0  block output operations
                   0  messages sent
                   0  messages received
                   0  signals received
                   4  voluntary context switches
                3207  involuntary context switches
         18576895541  instructions retired
          7139214110  cycles elapsed
           481465896  peak memory footprint
