'R4333.k16CriticalCatalogue_complete' depends on axioms: [propext, Classical.choice, Quot.sound]
'R4333.k15CriticalCatalogue_complete' depends on axioms: [propext, Classical.choice, Quot.sound]
'R4333.exists_cataloguedAttachingConfiguration61_checked' depends on axioms: [propext, Classical.choice, Quot.sound]
'R4333.noFourColoring_61_of_checkedAttachingObstruction' depends on axioms: [propext, Classical.choice, Quot.sound]
        2.07 real         0.95 user         1.04 sys
          2888073216  maximum resident set size
                   0  average shared memory size
                   0  average unshared data size
                   0  average unshared stack size
              227836  page reclaims
                 165  page faults
                   0  swaps
                   0  block input operations
                   0  block output operations
                   0  messages sent
                   0  messages received
                   0  signals received
                  25  voluntary context switches
                3001  involuntary context switches
         17684912217  instructions retired
          6871765873  cycles elapsed
           477714512  peak memory footprint
