'R4333.ProfileDUUUDegreeNineStrongCase61.strongLargeSupportCandidates_card' depends on axioms: [propext,
 Classical.choice,
 Quot.sound]
'R4333.ProfileDUUUDegreeNineStrongCase61.strongSmallSupportCandidates_card' depends on axioms: [propext,
 Classical.choice,
 Quot.sound]
'R4333.ProfileDUUUDegreeNineStrongCase61.strongCompatibleSmallSupportCandidates_card' depends on axioms: [propext,
 Classical.choice,
 Quot.sound]
'R4333.ProfileDUUUDegreeNineStrongCase61.strongPhysicalSupportPair_card' depends on axioms: [propext,
 Classical.choice,
 Quot.sound]
'R4333.ProfileDUUUDegreeNineStrongCase61.StrongRealization.largeSupport_mem_candidates' depends on axioms: [propext,
 Classical.choice,
 Quot.sound]
'R4333.ProfileDUUUDegreeNineStrongCase61.StrongRealization.smallSupport_mem_candidates' depends on axioms: [propext,
 Classical.choice,
 Quot.sound]
'R4333.ProfileDUUUDegreeNineStrongCase61.StrongRealization.smallSupport_mem_compatibleCandidates' depends on axioms: [propext,
 Classical.choice,
 Quot.sound]
'R4333.ProfileDUUUDegreeNineStrongCase61.StrongRealization.small_small_edge_physical' depends on axioms: [propext,
 Classical.choice,
 Quot.sound]
'R4333.ProfileDUUUDegreeNineStrongCase61.StrongRealization.free_large_edge' depends on axioms: [propext,
 Classical.choice,
 Quot.sound]
'R4333.ProfileDUUUDegreeNineStrongCase61.StrongRealization.free_small_edge' depends on axioms: [propext,
 Classical.choice,
 Quot.sound]
'R4333.ProfileDUUUDegreeNineStrongCase61.StrongRealization.large_small_edge' depends on axioms: [propext,
 Classical.choice,
 Quot.sound]
'R4333.ProfileDUUUDegreeNineStrongCase61.strongCaseFiniteBoundary' depends on axioms: [propext,
 Classical.choice,
 Quot.sound]
