'Ramsey61.ClassificationAdapter.k16_catalogued' depends on axioms: [propext, Classical.choice, Quot.sound]
'Ramsey61.ClassificationAdapter.k15_catalogued' depends on axioms: [propext, Classical.choice, Quot.sound]
'Ramsey61.ClassificationAdapter.k15_extends_to_k16' depends on axioms: [propext, Classical.choice, Quot.sound]
'Ramsey61.ClassificationAdapter.k16_colorGraph_srg' depends on axioms: [propext, Classical.choice, Quot.sound]
'Ramsey61.ClassificationAdapter.physical_neighborhood_k15' depends on axioms: [propext, Classical.choice, Quot.sound]
'Ramsey61.ClassificationAdapter.physical_neighborhood_k16' depends on axioms: [propext, Classical.choice, Quot.sound]
'Ramsey61.ClassificationAdapter.physical_high_neighborhood' depends on axioms: [propext, Classical.choice, Quot.sound]
        2.88 real         1.15 user         1.15 sys
          2910715904  maximum resident set size
                   0  average shared memory size
                   0  average unshared data size
                   0  average unshared stack size
              229729  page reclaims
                   0  page faults
                   0  swaps
                   0  block input operations
                   0  block output operations
                   0  messages sent
                   0  messages received
                   0  signals received
                6285  voluntary context switches
                3016  involuntary context switches
         19054149807  instructions retired
          7849998584  cycles elapsed
           486463640  peak memory footprint
