'R4333.ProfileDUUUFourSupportP15SwapTransport61.swapRestore_templateCanonical' depends on axioms: [propext,
 Classical.choice,
 Quot.sound]
'R4333.ProfileDUUUFourSupportP15SwapTransport61.swapRestoredBranch_firstSupport' depends on axioms: [propext,
 Classical.choice,
 Quot.sound]
'R4333.ProfileDUUUFourSupportP15SwapTransport61.swapRestoredBranch_secondSupport' depends on axioms: [propext,
 Classical.choice,
 Quot.sound]
'R4333.ProfileDUUUFourSupportP15SwapTransport61.swapRestoredNormalized' depends on axioms: [propext,
 Classical.choice,
 Quot.sound]
'R4333.ProfileDUUUFourSupportP15SwapTransport61.physicalMatrix_swapRestored' depends on axioms: [propext,
 Classical.choice,
 Quot.sound]
'R4333.ProfileDUUUFourSupportP15SwapTransport61.exact_physicalVertex_eq_leafPhysicalVertex' depends on axioms: [propext,
 Classical.choice,
 Quot.sound]
'R4333.ProfileDUUUFourSupportP15SwapTransport61.exact_swapRestored_rawMatrix' depends on axioms: [propext,
 Classical.choice,
 Quot.sound]
'R4333.ProfileDUUUFourSupportP15SwapTransport61.inverseFreeAction' depends on axioms: [propext]
'R4333.ProfileDUUUFourSupportP15SwapTransport61.inverseSupportAction' depends on axioms: [propext]
'R4333.ProfileDUUUFourSupportP15SwapTransport61.localCoordinateEquiv_inverse' depends on axioms: [propext,
 Classical.choice,
 Quot.sound]
'R4333.ProfileDUUUFourSupportP15SwapTransport61.swapTargetNormalized_matrix' depends on axioms: [propext,
 Classical.choice,
 Quot.sound]
'R4333.ProfileDUUUFourSupportP15SwapTransport61.exactSwapOrderedLeaf' depends on axioms: [propext,
 Classical.choice,
 Quot.sound]
'R4333.ProfileDUUUFourSupportP15SwapTransport61.exactOrderedLeaf_swap' depends on axioms: [propext,
 Classical.choice,
 Quot.sound]
