'R4333.ProfileDColumnOwnColorIncidence61.every_block_tail_vertex_has_free_ownColor_neighbor' depends on axioms: [propext,
 Classical.choice,
 Quot.sound]
'R4333.ProfileDColumnOwnColorIncidence61.every_tail_vertex_has_free_ownColor_neighbor' depends on axioms: [propext,
 Classical.choice,
 Quot.sound]
'R4333.ProfileDColumnOwnColorIncidence61.column_row_double_count' depends on axioms: [propext,
 Classical.choice,
 Quot.sound]
'R4333.ProfileDColumnOwnColorIncidence61.total_row_ownColor_incidences_ge_fortySix' depends on axioms: [propext,
 Classical.choice,
 Quot.sound]
'R4333.ProfileDColumnOwnColorIncidence61.exists_row_with_four_ownColor_incidences' depends on axioms: [propext,
 Classical.choice,
 Quot.sound]
'R4333.ProfileDColumnOwnColorIncidence61.total_excess_above_three_ge_four' depends on axioms: [propext,
 Classical.choice,
 Quot.sound]
'R4333.ProfileDColumnOwnColorIncidence61.every_full_row_has_two_ownColor_incidences_of_B_obstruction' depends on axioms: [propext,
 Classical.choice,
 Quot.sound]
'R4333.ProfileDColumnOwnColorIncidence61.exists_strategicDegreeFlooredFourExtension' depends on axioms: [propext,
 Classical.choice,
 Quot.sound]
